// ============================================================================
// Scilab ( http://www.scilab.org/ ) - This file is part of Scilab
// Copyright (C) 2013 - Scilab Enterprises - Charlotte HECQUET
//
//  This file is distributed under the same license as the Scilab package.
// ============================================================================
//
// <-- ENGLISH IMPOSED -->
//
// <-- Short Description -->
// Test MEAB_VCC
[a, coselicaMacrosPath] = libraryinfo(whereis(getCoselicaVersion));
try
    ilib_verbose(0);
    assert_checktrue(importXcosDiagram(coselicaMacrosPath + "../../tests/unit_tests/Electrical/Basic/MEAB_VCC.zcos"));
    xcos_simulate(scs_m, 4);
--------------------------------------------\
 Main Modelica : TMPDIR/MEAB_VCC_im.mo

 Flat Modelica : TMPDIR/MEAB_VCC_imf.mo
 Simulation C code :TMPDIR/MEAB_VCC_im.c
WARNING: Diagram contains implicit blocks, compiling for implicit Solver.
    V1 = res.values(:,2);
    I2 = res.values(:,1);
    K = 2;
    assert_checkequal(I2, K*V1);
catch
   disp(lasterror())
   assert_checktrue(%f);
end
