// ============================================================================
// Scilab ( http://www.scilab.org/ ) - This file is part of Scilab
// Copyright (C) 2013 - Scilab Enterprises - Charlotte HECQUET
//
//  This file is distributed under the same license as the Scilab package.
// ============================================================================
//
// <-- ENGLISH IMPOSED -->
//
// <-- Short Description -->
// Test CMRC_Free
[a, coselicaMacrosPath] = libraryinfo(whereis(getCoselicaVersion));
try
    ilib_verbose(0);
    assert_checktrue(importXcosDiagram(coselicaMacrosPath + "/../../tests/unit_tests/Mechanics/Rotational/CMRC_Free.zcos"));
    xcos_simulate(scs_m, 4);
--------------------------------------------\
 Main Modelica : TMPDIR/CMRC_Free_im.mo

 Flat Modelica : TMPDIR/CMRC_Free_imf.mo
 Simulation C code :TMPDIR/CMRC_Free_im.c
WARNING: Diagram contains implicit blocks, compiling for implicit Solver.
WARNING: Diagram has been compiled for implicit solver
WARNING: switching to implicit Solver

    out = res.values(:,1);
    in = res.values(:,2);
    assert_checkequal(in, out);
catch
   disp(lasterror())
   assert_checktrue(%f);
end
